[1/135] Automatic MOC and UIC for target AnoMapSTD
[2/134] Automatic MOC and UIC for target QWKWidgets
[3/134] Automatic MOC and UIC for target QWKQuick
[4/134] Building RC object _deps\qwindowkit-build\src\widgets\CMakeFiles\QWKWidgets.dir\QWKWidgets_res.rc.res
[5/134] Building RC object _deps\qwindowkit-build\src\quick\CMakeFiles\QWKQuick.dir\QWKQuick_res.rc.res
[6/134] Building CXX object Src\CMakeFiles\AnoMapSTD.dir\Crypt\DtlsEngine.cpp.obj
[7/134] Linking CXX static library Src\AnoMapSTD.lib
[8/134] Building CXX object _deps\qwindowkit-build\src\widgets\CMakeFiles\QWKWidgets.dir\widgetitemdelegate.cpp.obj
[9/134] Building CXX object _deps\qwindowkit-build\src\widgets\CMakeFiles\QWKWidgets.dir\widgetwindowagent.cpp.obj
[10/134] Building CXX object _deps\qwindowkit-build\src\widgets\CMakeFiles\QWKWidgets.dir\QWKWidgets_autogen\mocs_compilation.cpp.obj
[11/134] Building CXX object _deps\qwindowkit-build\src\quick\CMakeFiles\QWKQuick.dir\quickitemdelegate.cpp.obj
[12/134] Building CXX object _deps\qwindowkit-build\src\quick\CMakeFiles\QWKQuick.dir\qwkquickglobal.cpp.obj
[13/134] Automatic MOC and UIC for target BackEnd
[14/134] Running AUTOMOC file extraction for target BackEnd
[15/134] Running moc --collect-json for target BackEnd
[16/134] Building CXX object _deps\qwindowkit-build\src\quick\CMakeFiles\QWKQuick.dir\QWKQuick_autogen\mocs_compilation.cpp.obj
[17/134] Building CXX object _deps\qwindowkit-build\src\widgets\CMakeFiles\QWKWidgets.dir\widgetwindowagent_win.cpp.obj
[18/134] Building CXX object _deps\qwindowkit-build\src\quick\CMakeFiles\QWKQuick.dir\quickwindowagent.cpp.obj
[19/134] Building CXX object Qt\Back\CMakeFiles\BackEnd.dir\Controllers\AlarmController.cpp.obj
FAILED: [code=1] Qt/Back/CMakeFiles/BackEnd.dir/Controllers/AlarmController.cpp.obj 
C:\PROGRA~1\LLVM\bin\clang-cl.exe  /nologo -TP -DBOOST_CONTAINER_DYN_LINK -DBOOST_CONTAINER_NO_LIB -DBOOST_CONTEXT_DYN_LINK="" -DBOOST_CONTEXT_EXPORT=EXPORT -DBOOST_CONTEXT_NO_LIB="" -DBOOST_DATE_TIME_DYN_LINK -DBOOST_DATE_TIME_NO_LIB -DQT_CORE_LIB -DQT_GUI_LIB -DQT_MULTIMEDIA_LIB -DQT_NETWORK_LIB -DQT_OPENGL_LIB -DQT_QMLINTEGRATION_LIB -DQT_QMLMETA_LIB -DQT_QMLMODELS_LIB -DQT_QMLWORKERSCRIPT_LIB -DQT_QML_LIB -DQT_QUICK_LIB -DUNICODE -DWIN32 -DWIN64 -D_ENABLE_EXTENDED_ALIGNED_STORAGE -D_UNICODE -D_WIN64 -IE:\withBoost\build\my-local-debug\Qt\Back\BackEnd_autogen\include -IE:\withBoost\Qt\Back -IE:\withBoost\Qt\Back\..\..\Src -IE:\withBoost\Src -imsvcC:\Qt\6.8.3\msvc2022_64\include\QtCore -imsvcC:\Qt\6.8.3\msvc2022_64\include -imsvcC:\Qt\6.8.3\msvc2022_64\mkspecs\win32-msvc -imsvcC:\Qt\6.8.3\msvc2022_64\include\QtGui -imsvcC:\Qt\6.8.3\msvc2022_64\include\QtQuick -imsvcC:\Qt\6.8.3\msvc2022_64\include\QtQml -imsvcC:\Qt\6.8.3\msvc2022_64\include\QtQmlIntegration -imsvcC:\Qt\6.8.3\msvc2022_64\include\QtNetwork -imsvcC:\Qt\6.8.3\msvc2022_64\include\QtQmlMeta -imsvcC:\Qt\6.8.3\msvc2022_64\include\QtQmlModels -imsvcC:\Qt\6.8.3\msvc2022_64\include\QtQmlWorkerScript -imsvcC:\Qt\6.8.3\msvc2022_64\include\QtOpenGL -imsvcC:\Qt\6.8.3\msvc2022_64\include\QtMultimedia -imsvcC:\Qt\6.8.3\msvc2022_64\include\QtGui\6.8.3 -imsvcC:\Qt\6.8.3\msvc2022_64\include\QtGui\6.8.3\QtGui -imsvcC:\Qt\6.8.3\msvc2022_64\include\QtCore\6.8.3 -imsvcC:\Qt\6.8.3\msvc2022_64\include\QtCore\6.8.3\QtCore -imsvcE:\withBoost\build\my-local-debug\vcpkg_installed\x64-windows\include /DWIN32 /D_WINDOWS /GR /EHsc /Zi /Ob0 /Od /RTC1 -std:c++20 -MDd /showIncludes /FoQt\Back\CMakeFiles\BackEnd.dir\Controllers\AlarmController.cpp.obj /FdQt\Back\CMakeFiles\BackEnd.dir\BackEnd.pdb -c -- E:\withBoost\Qt\Back\Controllers\AlarmController.cpp
In file included from E:\withBoost\Qt\Back\Controllers\AlarmController.cpp:1:
E:\withBoost\Qt\Back\Controllers\AlarmController.hpp(2,10): fatal error: '../../Src/Domain/Alarm.hpp' file not found
    2 | #include "../../Src/Domain/Alarm.hpp"
      |          ^~~~~~~~~~~~~~~~~~~~~~~~~~~~
1 error generated.
[20/134] Building CXX object Qt\Back\CMakeFiles\BackEnd.dir\Models\UserModel.cpp.obj
FAILED: [code=1] Qt/Back/CMakeFiles/BackEnd.dir/Models/UserModel.cpp.obj 
C:\PROGRA~1\LLVM\bin\clang-cl.exe  /nologo -TP -DBOOST_CONTAINER_DYN_LINK -DBOOST_CONTAINER_NO_LIB -DBOOST_CONTEXT_DYN_LINK="" -DBOOST_CONTEXT_EXPORT=EXPORT -DBOOST_CONTEXT_NO_LIB="" -DBOOST_DATE_TIME_DYN_LINK -DBOOST_DATE_TIME_NO_LIB -DQT_CORE_LIB -DQT_GUI_LIB -DQT_MULTIMEDIA_LIB -DQT_NETWORK_LIB -DQT_OPENGL_LIB -DQT_QMLINTEGRATION_LIB -DQT_QMLMETA_LIB -DQT_QMLMODELS_LIB -DQT_QMLWORKERSCRIPT_LIB -DQT_QML_LIB -DQT_QUICK_LIB -DUNICODE -DWIN32 -DWIN64 -D_ENABLE_EXTENDED_ALIGNED_STORAGE -D_UNICODE -D_WIN64 -IE:\withBoost\build\my-local-debug\Qt\Back\BackEnd_autogen\include -IE:\withBoost\Qt\Back -IE:\withBoost\Qt\Back\..\..\Src -IE:\withBoost\Src -imsvcC:\Qt\6.8.3\msvc2022_64\include\QtCore -imsvcC:\Qt\6.8.3\msvc2022_64\include -imsvcC:\Qt\6.8.3\msvc2022_64\mkspecs\win32-msvc -imsvcC:\Qt\6.8.3\msvc2022_64\include\QtGui -imsvcC:\Qt\6.8.3\msvc2022_64\include\QtQuick -imsvcC:\Qt\6.8.3\msvc2022_64\include\QtQml -imsvcC:\Qt\6.8.3\msvc2022_64\include\QtQmlIntegration -imsvcC:\Qt\6.8.3\msvc2022_64\include\QtNetwork -imsvcC:\Qt\6.8.3\msvc2022_64\include\QtQmlMeta -imsvcC:\Qt\6.8.3\msvc2022_64\include\QtQmlModels -imsvcC:\Qt\6.8.3\msvc2022_64\include\QtQmlWorkerScript -imsvcC:\Qt\6.8.3\msvc2022_64\include\QtOpenGL -imsvcC:\Qt\6.8.3\msvc2022_64\include\QtMultimedia -imsvcC:\Qt\6.8.3\msvc2022_64\include\QtGui\6.8.3 -imsvcC:\Qt\6.8.3\msvc2022_64\include\QtGui\6.8.3\QtGui -imsvcC:\Qt\6.8.3\msvc2022_64\include\QtCore\6.8.3 -imsvcC:\Qt\6.8.3\msvc2022_64\include\QtCore\6.8.3\QtCore -imsvcE:\withBoost\build\my-local-debug\vcpkg_installed\x64-windows\include /DWIN32 /D_WINDOWS /GR /EHsc /Zi /Ob0 /Od /RTC1 -std:c++20 -MDd /showIncludes /FoQt\Back\CMakeFiles\BackEnd.dir\Models\UserModel.cpp.obj /FdQt\Back\CMakeFiles\BackEnd.dir\BackEnd.pdb -c -- E:\withBoost\Qt\Back\Models\UserModel.cpp
In file included from E:\withBoost\Qt\Back\Models\UserModel.cpp:1:
E:\withBoost\Qt\Back\Models\UserModel.hpp(2,10): fatal error: '../../Src/Domain/User.hpp' file not found
    2 | #include "../../Src/Domain/User.hpp"
      |          ^~~~~~~~~~~~~~~~~~~~~~~~~~~
1 error generated.
[21/134] Building CXX object Qt\Back\CMakeFiles\BackEnd.dir\BackEnd_autogen\mocs_compilation.cpp.obj
FAILED: [code=1] Qt/Back/CMakeFiles/BackEnd.dir/BackEnd_autogen/mocs_compilation.cpp.obj 
C:\PROGRA~1\LLVM\bin\clang-cl.exe  /nologo -TP -DBOOST_CONTAINER_DYN_LINK -DBOOST_CONTAINER_NO_LIB -DBOOST_CONTEXT_DYN_LINK="" -DBOOST_CONTEXT_EXPORT=EXPORT -DBOOST_CONTEXT_NO_LIB="" -DBOOST_DATE_TIME_DYN_LINK -DBOOST_DATE_TIME_NO_LIB -DQT_CORE_LIB -DQT_GUI_LIB -DQT_MULTIMEDIA_LIB -DQT_NETWORK_LIB -DQT_OPENGL_LIB -DQT_QMLINTEGRATION_LIB -DQT_QMLMETA_LIB -DQT_QMLMODELS_LIB -DQT_QMLWORKERSCRIPT_LIB -DQT_QML_LIB -DQT_QUICK_LIB -DUNICODE -DWIN32 -DWIN64 -D_ENABLE_EXTENDED_ALIGNED_STORAGE -D_UNICODE -D_WIN64 -IE:\withBoost\build\my-local-debug\Qt\Back\BackEnd_autogen\include -IE:\withBoost\Qt\Back -IE:\withBoost\Qt\Back\..\..\Src -IE:\withBoost\Src -imsvcC:\Qt\6.8.3\msvc2022_64\include\QtCore -imsvcC:\Qt\6.8.3\msvc2022_64\include -imsvcC:\Qt\6.8.3\msvc2022_64\mkspecs\win32-msvc -imsvcC:\Qt\6.8.3\msvc2022_64\include\QtGui -imsvcC:\Qt\6.8.3\msvc2022_64\include\QtQuick -imsvcC:\Qt\6.8.3\msvc2022_64\include\QtQml -imsvcC:\Qt\6.8.3\msvc2022_64\include\QtQmlIntegration -imsvcC:\Qt\6.8.3\msvc2022_64\include\QtNetwork -imsvcC:\Qt\6.8.3\msvc2022_64\include\QtQmlMeta -imsvcC:\Qt\6.8.3\msvc2022_64\include\QtQmlModels -imsvcC:\Qt\6.8.3\msvc2022_64\include\QtQmlWorkerScript -imsvcC:\Qt\6.8.3\msvc2022_64\include\QtOpenGL -imsvcC:\Qt\6.8.3\msvc2022_64\include\QtMultimedia -imsvcC:\Qt\6.8.3\msvc2022_64\include\QtGui\6.8.3 -imsvcC:\Qt\6.8.3\msvc2022_64\include\QtGui\6.8.3\QtGui -imsvcC:\Qt\6.8.3\msvc2022_64\include\QtCore\6.8.3 -imsvcC:\Qt\6.8.3\msvc2022_64\include\QtCore\6.8.3\QtCore -imsvcE:\withBoost\build\my-local-debug\vcpkg_installed\x64-windows\include /DWIN32 /D_WINDOWS /GR /EHsc /Zi /Ob0 /Od /RTC1 -std:c++20 -MDd /showIncludes /FoQt\Back\CMakeFiles\BackEnd.dir\BackEnd_autogen\mocs_compilation.cpp.obj /FdQt\Back\CMakeFiles\BackEnd.dir\BackEnd.pdb -c -- E:\withBoost\build\my-local-debug\Qt\Back\BackEnd_autogen\mocs_compilation.cpp
In file included from E:\withBoost\build\my-local-debug\Qt\Back\BackEnd_autogen\mocs_compilation.cpp:2:
In file included from E:\withBoost\build\my-local-debug\Qt\Back\BackEnd_autogen\XUX5SSWLF5/moc_AlarmController.cpp:9:
E:\withBoost\build\my-local-debug\Qt\Back\BackEnd_autogen\XUX5SSWLF5\../../../../../../Qt/Back/Controllers/AlarmController.hpp(2,10): fatal error: '../../Src/Domain/Alarm.hpp' file not found
    2 | #include "../../Src/Domain/Alarm.hpp"
      |          ^~~~~~~~~~~~~~~~~~~~~~~~~~~~
1 error generated.
[22/134] Building CXX object Qt\Back\CMakeFiles\BackEnd.dir\Controllers\AuthController.cpp.obj
[23/134] Building CXX object Qt\Back\CMakeFiles\BackEnd.dir\Models\AiImageModel.cpp.obj
[24/134] Building CXX object Qt\Back\CMakeFiles\BackEnd.dir\Models\DeviceModel.cpp.obj
[25/134] Building CXX object Qt\Back\CMakeFiles\BackEnd.dir\Controllers\SettingsController.cpp.obj
[26/134] Building CXX object Qt\Back\CMakeFiles\BackEnd.dir\Models\CameraModel.cpp.obj
[27/134] Building CXX object Qt\Back\CMakeFiles\BackEnd.dir\Controllers\AppController.cpp.obj
E:\withBoost\Qt\Back\Controllers\AppController.cpp(31,24): warning: 'qAsConst<QList<QPointer<QObject>>>' is deprecated: Use std::as_const() instead. [-Wdeprecated-declarations]
   31 |   for (const auto &p : qAsConst(cameraWindows_)) {
      |                        ^
C:\Qt\6.8.3\msvc2022_64\include\QtCore/qttypetraits.h(35,1): note: 'qAsConst<QList<QPointer<QObject>>>' has been explicitly marked deprecated here
   35 | QT_DEPRECATED_VERSION_X_6_6("Use std::as_const() instead.")
      | ^
C:\Qt\6.8.3\msvc2022_64\include\QtCore/qtdeprecationmarkers.h(155,44): note: expanded from macro 'QT_DEPRECATED_VERSION_X_6_6'
  155 | # define QT_DEPRECATED_VERSION_X_6_6(text) QT_DEPRECATED_X(text)
      |                                            ^
C:\Qt\6.8.3\msvc2022_64\include\QtCore/qtdeprecationmarkers.h(29,33): note: expanded from macro 'QT_DEPRECATED_X'
   29 | #  define QT_DEPRECATED_X(text) Q_DECL_DEPRECATED_X(text)
      |                                 ^
C:\Qt\6.8.3\msvc2022_64\include\QtCore/qcompilerdetection.h(994,36): note: expanded from macro 'Q_DECL_DEPRECATED_X'
  994 | #  define Q_DECL_DEPRECATED_X(x) [[deprecated(x)]]
      |                                    ^
1 warning generated.
[28/134] Building CXX object _deps\qwindowkit-build\src\quick\CMakeFiles\QWKQuick.dir\quickwindowagent_win.cpp.obj
ninja: build stopped: subcommand failed.
